// Vitest Snapshot v1

exports[`Prettier Config > should export rules 1`] = `
{
  "$schema": "http://json.schemastore.org/prettierrc",
  "endOfLine": "lf",
  "overrides": [
    {
      "files": ".all-contributorsrc",
      "options": {
        "parser": "json",
      },
    },
    {
      "files": "*.yml",
      "options": {
        "tabWidth": 2,
        "useTabs": false,
      },
    },
  ],
  "printWidth": 200,
  "quoteProps": "as-needed",
  "semi": true,
  "singleQuote": false,
  "tabWidth": 4,
  "trailingComma": "none",
  "useTabs": true,
}
`;
